../Core/Src/main.c:70:6:debug_print	16	static
../Core/Src/main.c:76:6:all_motors_stop	8	static
../Core/Src/main.c:83:6:motorA_forward	8	static
../Core/Src/main.c:90:6:motorB_forward	8	static
../Core/Src/main.c:97:6:motorC_forward	8	static
../Core/Src/main.c:104:6:motorD_forward	8	static
../Core/Src/main.c:112:6:apply_speed	4	static
../Core/Src/main.c:117:6:HAL_UART_RxCpltCallback	72	static
../Core/Src/main.c:167:5:main	8	static
../Core/Src/main.c:218:6:SystemClock_Config	72	static
../Core/Src/main.c:258:13:MX_TIM1_Init	96	static
../Core/Src/main.c:333:13:MX_USART1_UART_Init	8	static
../Core/Src/main.c:366:13:MX_GPIO_Init	40	static
../Core/Src/main.c:414:6:Error_Handler	4	static,ignoring_inline_asm
