../Core/Src/main.c:134:5:main	1
../Core/Src/main.c:214:6:SystemClock_Config	3
../Core/Src/main.c:247:13:MX_I2C1_Init	2
../Core/Src/main.c:267:13:MX_TIM1_Init	5
../Core/Src/main.c:318:13:MX_USART1_UART_Init	2
../Core/Src/main.c:337:13:MX_GPIO_Init	1
../Core/Src/main.c:396:6:Debug_Print	1
../Core/Src/main.c:401:6:LCD_SendCommand	1
../Core/Src/main.c:414:6:LCD_SendData	1
../Core/Src/main.c:427:6:LCD_String	2
../Core/Src/main.c:431:6:LCD_Clear	1
../Core/Src/main.c:436:6:LCD_SetCursor	2
../Core/Src/main.c:441:6:LCD_Init	1
../Core/Src/main.c:463:6:HAL_GPIO_EXTI_Callback	3
../Core/Src/main.c:476:6:StartCoinTask	3
../Core/Src/main.c:495:6:StartKeypadTask	40
../Core/Src/main.c:635:6:StartControlTask	35
../Core/Src/main.c:803:6:StartMotorTask	7
../Core/Src/main.c:851:6:StartUltrasonicTask	36
../Core/Src/main.c:956:6:StartDisplayTask	36
../Core/Src/main.c:1121:6:StartBuzzerTask	4
../Core/Src/main.c:1152:6:StartDefaultTask	1
../Core/Src/main.c:1160:6:HAL_TIM_PeriodElapsedCallback	2
../Core/Src/main.c:1168:6:Error_Handler	1
