../Core/Src/main.c:134:5:main	272	static
../Core/Src/main.c:214:6:SystemClock_Config	72	static
../Core/Src/main.c:247:13:MX_I2C1_Init	8	static
../Core/Src/main.c:267:13:MX_TIM1_Init	80	static
../Core/Src/main.c:318:13:MX_USART1_UART_Init	8	static
../Core/Src/main.c:337:13:MX_GPIO_Init	40	static
../Core/Src/main.c:396:6:Debug_Print	16	static
../Core/Src/main.c:401:6:LCD_SendCommand	32	static
../Core/Src/main.c:414:6:LCD_SendData	32	static
../Core/Src/main.c:427:6:LCD_String	16	static
../Core/Src/main.c:431:6:LCD_Clear	8	static
../Core/Src/main.c:436:6:LCD_SetCursor	24	static
../Core/Src/main.c:441:6:LCD_Init	8	static
../Core/Src/main.c:463:6:HAL_GPIO_EXTI_Callback	24	static
../Core/Src/main.c:476:6:StartCoinTask	96	static
../Core/Src/main.c:495:6:StartKeypadTask	152	static
../Core/Src/main.c:635:6:StartControlTask	120	static
../Core/Src/main.c:803:6:StartMotorTask	104	static
../Core/Src/main.c:851:6:StartUltrasonicTask	144	static
../Core/Src/main.c:956:6:StartDisplayTask	128	static
../Core/Src/main.c:1121:6:StartBuzzerTask	32	static
../Core/Src/main.c:1152:6:StartDefaultTask	16	static
../Core/Src/main.c:1160:6:HAL_TIM_PeriodElapsedCallback	16	static
../Core/Src/main.c:1168:6:Error_Handler	4	static,ignoring_inline_asm
