../Core/Src/main.c:38:6:lcd_send_cmd	32	static
../Core/Src/main.c:52:6:lcd_send_data	32	static
../Core/Src/main.c:66:6:lcd_init	8	static
../Core/Src/main.c:84:6:lcd_send_string	16	static
../Core/Src/main.c:89:6:lcd_clear	8	static
../Core/Src/main.c:95:6:lcd_set_cursor	24	static
../Core/Src/main.c:141:5:main	40	static
../Core/Src/main.c:220:6:SystemClock_Config	72	static
../Core/Src/main.c:260:13:MX_I2C1_Init	8	static
../Core/Src/main.c:294:13:MX_GPIO_Init	40	static
../Core/Src/main.c:325:6:Error_Handler	4	static,ignoring_inline_asm
