../Core/Src/main.c:72:6:motor_stop	1
../Core/Src/main.c:77:6:motor_forward	1
../Core/Src/main.c:86:6:motor_backward	1
../Core/Src/main.c:94:6:motor_left	1
../Core/Src/main.c:103:6:motor_right	1
../Core/Src/main.c:112:6:motor_apply_speed	1
../Core/Src/main.c:119:6:HAL_UART_RxCpltCallback	17
../Core/Src/main.c:156:5:main	1
../Core/Src/main.c:212:6:SystemClock_Config	3
../Core/Src/main.c:252:13:MX_TIM1_Init	7
../Core/Src/main.c:327:13:MX_TIM3_Init	6
../Core/Src/main.c:386:13:MX_USART1_UART_Init	2
../Core/Src/main.c:419:13:MX_GPIO_Init	1
../Core/Src/main.c:453:6:Error_Handler	1
