../Core/Src/main.c:37:6:lcd_send_cmd	32	static
../Core/Src/main.c:51:6:lcd_send_data	32	static
../Core/Src/main.c:65:6:lcd_init	8	static
../Core/Src/main.c:83:6:lcd_send_string	16	static
../Core/Src/main.c:88:6:lcd_clear	8	static
../Core/Src/main.c:94:6:lcd_set_cursor	24	static
../Core/Src/main.c:132:5:main	8	static
../Core/Src/main.c:183:6:SystemClock_Config	72	static
../Core/Src/main.c:223:13:MX_I2C1_Init	8	static
../Core/Src/main.c:257:13:MX_GPIO_Init	24	static
../Core/Src/main.c:281:6:Error_Handler	4	static,ignoring_inline_asm
